# chartsnap: snapshot_version=v3
---
# Source: kong-operator/templates/service-account.yaml
apiVersion: v1
kind: ServiceAccount
metadata:
  name: controller-manager
  namespace: default
---
# Source: kong-operator/templates/rbac-resources.yaml
apiVersion: rbac.authorization.k8s.io/v1
kind: ClusterRole
metadata:
  creationTimestamp: null
  name: chartsnap-kong-operator-kong-mtls-secret-role
rules:
- apiGroups:
  - ""
  resources:
  - secrets
  verbs:
  - get
  - list
  - create
  - patch
  - update
---
# Source: kong-operator/templates/rbac-resources.yaml
apiVersion: rbac.authorization.k8s.io/v1
kind: ClusterRole
metadata:
  name: chartsnap-kong-operator-metrics-reader
rules:
- nonResourceURLs:
  - /metrics
  verbs:
  - get
---
# Source: kong-operator/templates/rbac-resources.yaml
apiVersion: rbac.authorization.k8s.io/v1
kind: ClusterRole
metadata:
  name: chartsnap-kong-operator-proxy-role
rules:
- apiGroups:
  - authentication.k8s.io
  resources:
  - tokenreviews
  verbs:
  - create
- apiGroups:
  - authorization.k8s.io
  resources:
  - subjectaccessreviews
  verbs:
  - create
---
# Source: kong-operator/templates/rbac-resources.yaml
apiVersion: rbac.authorization.k8s.io/v1
kind: ClusterRoleBinding
metadata:
  name: chartsnap-kong-operator-kong-mtls-secret-rolebinding
roleRef:
  apiGroup: rbac.authorization.k8s.io
  kind: ClusterRole
  name: chartsnap-kong-operator-kong-mtls-secret-role
subjects:
- kind: ServiceAccount
  name: controller-manager
  namespace: default
---
# Source: kong-operator/templates/rbac-resources.yaml
apiVersion: rbac.authorization.k8s.io/v1
kind: ClusterRoleBinding
metadata:
  name: chartsnap-kong-operator-manager-rolebinding
roleRef:
  apiGroup: rbac.authorization.k8s.io
  kind: ClusterRole
  name: chartsnap-kong-operator-manager-role
subjects:
- kind: ServiceAccount
  name: controller-manager
  namespace: default
---
# Source: kong-operator/templates/rbac-resources.yaml
apiVersion: rbac.authorization.k8s.io/v1
kind: ClusterRoleBinding
metadata:
  name: chartsnap-kong-operator-proxy-rolebinding
roleRef:
  apiGroup: rbac.authorization.k8s.io
  kind: ClusterRole
  name: chartsnap-kong-operator-proxy-role
subjects:
- kind: ServiceAccount
  name: controller-manager
  namespace: default
---
# Source: kong-operator/templates/rbac-resources.yaml
apiVersion: rbac.authorization.k8s.io/v1
kind: Role
metadata:
  name: chartsnap-kong-operator-leader-election-role
  namespace: default
rules:
- apiGroups:
  - ""
  resources:
  - configmaps
  verbs:
  - get
  - list
  - watch
  - create
  - update
  - patch
  - delete
- apiGroups:
  - coordination.k8s.io
  resources:
  - leases
  verbs:
  - get
  - list
  - watch
  - create
  - update
  - patch
  - delete
- apiGroups:
  - ""
  resources:
  - events
  verbs:
  - create
  - patch
---
# Source: kong-operator/templates/rbac-resources.yaml
apiVersion: rbac.authorization.k8s.io/v1
kind: RoleBinding
metadata:
  name: chartsnap-kong-operator-leader-election-rolebinding
  namespace: default
roleRef:
  apiGroup: rbac.authorization.k8s.io
  kind: Role
  name: chartsnap-kong-operator-leader-election-role
subjects:
- kind: ServiceAccount
  name: controller-manager
  namespace: default
---
# Source: kong-operator/templates/rbac-resources.yaml
apiVersion: v1
kind: Service
metadata:
  labels:
    control-plane: controller-manager
  name: chartsnap-kong-operator-metrics-service
  namespace: default
spec:
  ports:
  - name: https
    port: 8443
    protocol: TCP
    targetPort: metrics
  selector:
    control-plane: controller-manager
---
# Source: kong-operator/templates/services.yaml
apiVersion: v1
kind: Service
metadata:
  labels:
    app.kubernetes.io/component: kgo
  name: chartsnap-kong-operator
  namespace: default
spec:
  ports:
  - name: https
    port: 8443
    protocol: TCP
    targetPort: https
  selector:
    app.kubernetes.io/component: kgo
---
# Source: kong-operator/templates/deployment.yaml
apiVersion: apps/v1
kind: Deployment
metadata:
  labels:
    app.kubernetes.io/name: kong-operator
    helm.sh/chart: kong-operator-0.0.1
    app.kubernetes.io/instance: "chartsnap"
    app.kubernetes.io/version: "2.0.0-alpha.0"
    app.kubernetes.io/component: kgo
  name: chartsnap-kong-operator-controller-manager
  namespace: default
spec:
  replicas: 1
  selector:
    matchLabels:
      app.kubernetes.io/name: kong-operator
      app.kubernetes.io/component: kgo
      app.kubernetes.io/instance: "chartsnap"
  strategy:
    type: Recreate
  template:
    metadata:
      annotations:
        kubectl.kubernetes.io/default-container: manager
      labels:
        control-plane: controller-manager
        app.kubernetes.io/name: kong-operator
        helm.sh/chart: kong-operator-0.0.1
        app.kubernetes.io/instance: "chartsnap"
        app.kubernetes.io/version: "2.0.0-alpha.0"
        app.kubernetes.io/component: kgo
        app: chartsnap-kong-operator
        version: "2.0.0-alpha.0"
    spec:
      tolerations:
      - effect: NoSchedule
        key: example-key
        operator: Exists
      containers:
      - name: manager
        env:
        - name: GATEWAY_OPERATOR_ANONYMOUS_REPORTS
          value: "false"
        - name: GATEWAY_OPERATOR_HEALTH_PROBE_BIND_ADDRESS
          value: ":8081"
        - name: GATEWAY_OPERATOR_METRICS_BIND_ADDRESS
          value: "0.0.0.0:8080"
        - name: POD_NAMESPACE
          valueFrom:
            fieldRef:
              fieldPath: metadata.namespace
        image: "docker.io/kong/gateway-operator:1.5"
        livenessProbe:
          httpGet:
            path: /healthz
            port: 8081
          initialDelaySeconds: 1
          periodSeconds: 1
        readinessProbe:
          httpGet:
            path: /readyz
            port: 8081
          initialDelaySeconds: 1
          periodSeconds: 1
        resources:
          limits:
            cpu: 500m
            memory: 256Mi
          requests:
            cpu: 10m
            memory: 128Mi
        securityContext:
          allowPrivilegeEscalation: false
          readOnlyRootFilesystem: true
          runAsNonRoot: true
          seccompProfile:
            type: RuntimeDefault
          capabilities:
            drop:
            - ALL
        ports:
        - containerPort: 8081
          name: probe
          protocol: TCP
        - containerPort: 8080
          name: metrics
          protocol: TCP
        volumeMounts:
        - name: chartsnap-kong-operator-certs-dir
          mountPath: /tmp/k8s-webhook-server/serving-certs
      securityContext:
        runAsNonRoot: true
      serviceAccountName: controller-manager
      terminationGracePeriodSeconds: 10
      volumes:
      - name: chartsnap-kong-operator-certs-dir
        emptyDir:
          sizeLimit: 256Mi
---
# Source: kong-operator/templates/validation-policy-dataplane.yaml
apiVersion: admissionregistration.k8s.io/v1
kind: ValidatingAdmissionPolicy
metadata:
  name: ports.dataplane.gateway-operator.konghq.com
spec:
  matchConstraints:
    resourceRules:
    - apiGroups:
      - "gateway-operator.konghq.com"
      apiVersions:
      - "v1beta1"
      operations:
      - "CREATE"
      - "UPDATE"
      resources:
      - "dataplanes"
  variables:
  - name: ingressPorts
    expression: object.spec.network.services.ingress.ports
  - name: podTemplateSpec
    expression: object.spec.deployment.podTemplateSpec
  - name: proxyContainers
    expression: |
      variables.podTemplateSpec.spec.containers.filter(c, c.name == 'proxy')
  - name: proxyContainer
    expression: |
      variables.proxyContainers.size() > 0 ?
        variables.proxyContainers[0] :
        null
  - name: envFilteredPortMaps
    expression: |
      variables.proxyContainer.env.filter(e, e.name == "KONG_PORT_MAPS")
  - name: envFilteredProxyListen
    expression: |
      variables.proxyContainer.env.filter(e, e.name == "KONG_PROXY_LISTEN")
  - name: envPortMaps
    expression: |
      variables.envFilteredPortMaps.size() > 0 ? variables.envFilteredPortMaps[0].value : null
  - name: envProxyListen
    expression: |
      variables.envFilteredProxyListen.size() > 0 ? variables.envFilteredProxyListen[0].value : null
  # NOTE: Rules below do not validate the ports from the spec.network.services.ingress.ports
  # when no KONG_PORT_MAPS or KONG_PROXY_LISTEN env variables are present in the proxy container.
  # This has been the case before the introduction of validating admission policies so we are keeping
  # the same behavior.

  # Using string functions from: https://pkg.go.dev/github.com/google/cel-go/ext
  validations:
  - messageExpression: "'Each port from spec.network.services.ingress.ports has to have an accompanying port in KONG_PORT_MAPS env'"
    expression: |
      !has(object.spec.network) ||
      !has(object.spec.network.services) ||
      !has(object.spec.network.services.ingress) ||
      !has(object.spec.network.services.ingress.ports) ||
      !has(variables.proxyContainer.env) ||
      variables.envPortMaps == null ||
      (
        variables.ingressPorts.all(p, variables.envPortMaps.
                  split(",").
                  exists(pm,
                      pm.split(":")[1].trim() == string(p.targetPort)
                      )
                  )
      )
    reason: Invalid
  - messageExpression: "'Each port from spec.network.services.ingress.ports has to have an accompanying port in KONG_PROXY_LISTEN env'"
    expression: |
      !has(object.spec.network) ||
      !has(object.spec.network.services) ||
      !has(object.spec.network.services.ingress) ||
      !has(object.spec.network.services.ingress.ports) ||
      !has(variables.proxyContainer.env) ||
      variables.envProxyListen == null ||
      (
        variables.ingressPorts.all(p, variables.envProxyListen.
                  split(",").
                  exists(pm,
                    pm.trim().split(" ")[0].split(":")[1].trim() == string(p.targetPort)
                    )
                  )
      )
    reason: Invalid
---
# Source: kong-operator/templates/validation-policy-dataplane.yaml
apiVersion: admissionregistration.k8s.io/v1
kind: ValidatingAdmissionPolicyBinding
metadata:
  name: binding-ports.dataplane.gateway-operator.konghq.com
spec:
  policyName: ports.dataplane.gateway-operator.konghq.com
  validationActions:
  - Deny
